


ARM Macro Assembler    Page 1 


    1 00000000         ; gpio.s
    2 00000000         ; Desenvolvido para a placa EK-TM4C1294XL
    3 00000000         ; Prof. Guilherme Peron
    4 00000000         ; 19/03/2018
    5 00000000         
    6 00000000         ; ------------------------------------------------------
                       -------------------------
    7 00000000                 THUMB                        ; Instruções do tip
                                                            o Thumb-2
    8 00000000         ; ------------------------------------------------------
                       -------------------------
    9 00000000         ; Declarações EQU - Defines
   10 00000000         ; ========================
   11 00000000         ; Definições de Valores
   12 00000000 00000001 
                       BIT0    EQU              2_0001
   13 00000000 00000002 
                       BIT1    EQU              2_0010
   14 00000000         ; ========================
   15 00000000         ; Definições dos Registradores Gerais
   16 00000000 400FE608 
                       SYSCTL_RCGCGPIO_R
                               EQU              0x400FE608
   17 00000000 400FEA08 
                       SYSCTL_PRGPIO_R
                               EQU              0x400FEA08
   18 00000000         ; ========================
   19 00000000         ; Definições dos Ports
   20 00000000         
   21 00000000         ; PORT A
   22 00000000 400583FC 
                       GPIO_PORTA_AHB_DATA_R
                               EQU              0x400583FC
   23 00000000 40058400 
                       GPIO_PORTA_AHB_DIR_R
                               EQU              0x40058400
   24 00000000 40058420 
                       GPIO_PORTA_AHB_AFSEL_R
                               EQU              0x40058420
   25 00000000 40058510 
                       GPIO_PORTA_AHB_PUR_R
                               EQU              0x40058510
   26 00000000 4005851C 
                       GPIO_PORTA_AHB_DEN_R
                               EQU              0x4005851C
   27 00000000 40058520 
                       GPIO_PORTA_AHB_LOCK_R
                               EQU              0x40058520
   28 00000000 40058524 
                       GPIO_PORTA_AHB_CR_R
                               EQU              0x40058524
   29 00000000 40058528 
                       GPIO_PORTA_AHB_AMSEL_R
                               EQU              0x40058528
   30 00000000 4005852C 
                       GPIO_PORTA_AHB_PCTL_R
                               EQU              0x4005852C
   31 00000000 00000001 
                       GPIO_PORTA



ARM Macro Assembler    Page 2 


                               EQU              2_000000000000001
   32 00000000         
   33 00000000         ; PORT B
   34 00000000 400593FC 
                       GPIO_PORTB_AHB_DATA_R
                               EQU              0x400593FC
   35 00000000 40059400 
                       GPIO_PORTB_AHB_DIR_R
                               EQU              0x40059400
   36 00000000 40059420 
                       GPIO_PORTB_AHB_AFSEL_R
                               EQU              0x40059420
   37 00000000 40059510 
                       GPIO_PORTB_AHB_PUR_R
                               EQU              0x40059510
   38 00000000 4005951C 
                       GPIO_PORTB_AHB_DEN_R
                               EQU              0x4005951C
   39 00000000 40059520 
                       GPIO_PORTB_AHB_LOCK_R
                               EQU              0x40059520
   40 00000000 40059524 
                       GPIO_PORTB_AHB_CR_R
                               EQU              0x40059524
   41 00000000 40059528 
                       GPIO_PORTB_AHB_AMSEL_R
                               EQU              0x40059528
   42 00000000 4005952C 
                       GPIO_PORTB_AHB_PCTL_R
                               EQU              0x4005952C
   43 00000000 00000002 
                       GPIO_PORTB
                               EQU              2_000000000000010
   44 00000000         
   45 00000000         ; PORT J
   46 00000000 40060520 
                       GPIO_PORTJ_AHB_LOCK_R
                               EQU              0x40060520
   47 00000000 40060524 
                       GPIO_PORTJ_AHB_CR_R
                               EQU              0x40060524
   48 00000000 40060528 
                       GPIO_PORTJ_AHB_AMSEL_R
                               EQU              0x40060528
   49 00000000 4006052C 
                       GPIO_PORTJ_AHB_PCTL_R
                               EQU              0x4006052C
   50 00000000 40060400 
                       GPIO_PORTJ_AHB_DIR_R
                               EQU              0x40060400
   51 00000000 40060420 
                       GPIO_PORTJ_AHB_AFSEL_R
                               EQU              0x40060420
   52 00000000 4006051C 
                       GPIO_PORTJ_AHB_DEN_R
                               EQU              0x4006051C
   53 00000000 40060510 
                       GPIO_PORTJ_AHB_PUR_R
                               EQU              0x40060510



ARM Macro Assembler    Page 3 


   54 00000000 400603FC 
                       GPIO_PORTJ_AHB_DATA_R
                               EQU              0x400603FC
   55 00000000 00000100 
                       GPIO_PORTJ
                               EQU              2_000000100000000
   56 00000000         
   57 00000000         ; PORT N
   58 00000000 40064520 
                       GPIO_PORTN_AHB_LOCK_R
                               EQU              0x40064520
   59 00000000 40064524 
                       GPIO_PORTN_AHB_CR_R
                               EQU              0x40064524
   60 00000000 40064528 
                       GPIO_PORTN_AHB_AMSEL_R
                               EQU              0x40064528
   61 00000000 4006452C 
                       GPIO_PORTN_AHB_PCTL_R
                               EQU              0x4006452C
   62 00000000 40064400 
                       GPIO_PORTN_AHB_DIR_R
                               EQU              0x40064400
   63 00000000 40064420 
                       GPIO_PORTN_AHB_AFSEL_R
                               EQU              0x40064420
   64 00000000 4006451C 
                       GPIO_PORTN_AHB_DEN_R
                               EQU              0x4006451C
   65 00000000 40064510 
                       GPIO_PORTN_AHB_PUR_R
                               EQU              0x40064510
   66 00000000 400643FC 
                       GPIO_PORTN_AHB_DATA_R
                               EQU              0x400643FC
   67 00000000 00001000 
                       GPIO_PORTN
                               EQU              2_001000000000000
   68 00000000         
   69 00000000         ;PORT P
   70 00000000 400653FC 
                       GPIO_PORTP_DATA_R
                               EQU              0x400653FC
   71 00000000 40065400 
                       GPIO_PORTP_DIR_R
                               EQU              0x40065400
   72 00000000 40065420 
                       GPIO_PORTP_AFSEL_R
                               EQU              0x40065420
   73 00000000 40065510 
                       GPIO_PORTP_PUR_R
                               EQU              0x40065510
   74 00000000 4006551C 
                       GPIO_PORTP_DEN_R
                               EQU              0x4006551C
   75 00000000 40065520 
                       GPIO_PORTP_LOCK_R
                               EQU              0x40065520
   76 00000000 40065524 



ARM Macro Assembler    Page 4 


                       GPIO_PORTP_CR_R
                               EQU              0x40065524
   77 00000000 40065528 
                       GPIO_PORTP_AMSEL_R
                               EQU              0x40065528
   78 00000000 4006552C 
                       GPIO_PORTP_PCTL_R
                               EQU              0x4006552C
   79 00000000 00002000 
                       GPIO_PORTP
                               EQU              2_010000000000000
   80 00000000         
   81 00000000         ;PORT Q
   82 00000000 400663FC 
                       GPIO_PORTQ_DATA_R
                               EQU              0x400663FC
   83 00000000 40066400 
                       GPIO_PORTQ_DIR_R
                               EQU              0x40066400
   84 00000000 40066420 
                       GPIO_PORTQ_AFSEL_R
                               EQU              0x40066420
   85 00000000 40066510 
                       GPIO_PORTQ_PUR_R
                               EQU              0x40066510
   86 00000000 4006651C 
                       GPIO_PORTQ_DEN_R
                               EQU              0x4006651C
   87 00000000 40066520 
                       GPIO_PORTQ_LOCK_R
                               EQU              0x40066520
   88 00000000 40066524 
                       GPIO_PORTQ_CR_R
                               EQU              0x40066524
   89 00000000 40066528 
                       GPIO_PORTQ_AMSEL_R
                               EQU              0x40066528
   90 00000000 4006652C 
                       GPIO_PORTQ_PCTL_R
                               EQU              0x4006652C
   91 00000000 00004000 
                       GPIO_PORTQ
                               EQU              2_100000000000000
   92 00000000         
   93 00000000 0000003F 
                       DIGIT_0 EQU              0x3F
   94 00000000 00000006 
                       DIGIT_1 EQU              0x06
   95 00000000 0000005B 
                       DIGIT_2 EQU              0x5B
   96 00000000 0000004F 
                       DIGIT_3 EQU              0x4F
   97 00000000 00000066 
                       DIGIT_4 EQU              0x66
   98 00000000 0000006D 
                       DIGIT_5 EQU              0x6D
   99 00000000 0000007D 
                       DIGIT_6 EQU              0x7D
  100 00000000 00000007 



ARM Macro Assembler    Page 5 


                       DIGIT_7 EQU              0x07
  101 00000000 0000007F 
                       DIGIT_8 EQU              0x7F
  102 00000000 0000006F 
                       DIGIT_9 EQU              0x6F
  103 00000000         
  104 00000000 00000080 
                       PASSO0  EQU              2_10000000
  105 00000000 00000040 
                       PASSO1  EQU              2_01000000
  106 00000000 00000020 
                       PASSO2  EQU              2_00100000
  107 00000000 00000010 
                       PASSO3  EQU              2_00010000
  108 00000000 00000008 
                       PASSO4  EQU              2_00001000
  109 00000000 00000004 
                       PASSO5  EQU              2_00000100
  110 00000000 00000002 
                       PASSO6  EQU              2_00000010
  111 00000000 00000001 
                       PASSO7  EQU              2_00000001
  112 00000000         
  113 00000000         
  114 00000000         ; ------------------------------------------------------
                       -------------------------
  115 00000000         ; Área de Código - Tudo abaixo da diretiva a seguir será
                        armazenado na memória de 
  116 00000000         ;                  código
  117 00000000                 AREA             |.text|, CODE, READONLY, ALIGN=
2
  118 00000000         
  119 00000000         ; Se alguma função do arquivo for chamada em outro arqui
                       vo 
  120 00000000                 EXPORT           GPIO_Init   ; Permite chamar GP
                                                            IO_Init de outro ar
                                                            quivo
  121 00000000                 EXPORT           LeBotoes    ; Permite chamar Po
                                                            rtJ_Input de outro 
                                                            arquivo
  122 00000000                 EXPORT           Liga_LED
  123 00000000                 EXPORT           Desliga_LED
  124 00000000                 EXPORT           Liga_7segDireita
  125 00000000                 EXPORT           Desliga_7segDireita
  126 00000000                 EXPORT           Liga_7segEsquerda
  127 00000000                 EXPORT           Desliga_7segEsquerda
  128 00000000                 EXPORT           LED_Or_7seg_Output
  129 00000000                 EXPORT           Decode7seg
  130 00000000                 EXPORT           DecodePassoCavaleiro
  131 00000000         
  132 00000000         ;-------------------------------------------------------
                       -------------------------
  133 00000000         ; Função GPIO_Init
  134 00000000         ; Parâmetro de entrada: Não tem
  135 00000000         ; Parâmetro de saída: Não tem
  136 00000000         GPIO_Init
  137 00000000         ;=====================
  138 00000000         ; 1. Ativar o clock para a porta setando o bit correspon
                       dente no registrador RCGCGPIO,



ARM Macro Assembler    Page 6 


  139 00000000         ; após isso verificar no PRGPIO se a porta está pronta p
                       ara uso.
  140 00000000         ; enable clock to GPIOF at clock gating register
  141 00000000 488D            LDR              R0, =SYSCTL_RCGCGPIO_R ;Carrega
                                                             o endereço do regi
                                                            strador RCGCGPIO
  142 00000002 F04F 0101       MOV              R1, #GPIO_PORTA ;Seta o bit da 
                                                            porta A
  143 00000006 F041 0102       ORR              R1, #GPIO_PORTB ;Seta o bit da 
                                                            porta B, fazendo co
                                                            m OR
  144 0000000A F441 5100       ORR              R1, #GPIO_PORTP ;Seta o bit da 
                                                            porta P, fazendo co
                                                            m OR
  145 0000000E F441 4180       ORR              R1, #GPIO_PORTQ ;Seta o bit da 
                                                            porta Q, fazendo co
                                                            m OR
  146 00000012 F441 7180       ORR              R1, #GPIO_PORTJ
  147 00000016 6001            STR              R1, [R0]    ;Move para a memóri
                                                            a os bits das porta
                                                            s no endereço do RC
                                                            GCGPIO
  148 00000018         
  149 00000018 4888            LDR              R0, =SYSCTL_PRGPIO_R ;Carrega o
                                                             endereço do PRGPIO
                                                             para esperar os GP
                                                            IO ficarem prontos
  150 0000001A 6801    EsperaGPIO
                               LDR              R1, [R0]    ;Lê da memória o co
                                                            nteúdo do endereço 
                                                            do registrador
  151 0000001C F04F 0201       MOV              R2, #GPIO_PORTA ;Seta os bits c
                                                            orrespondentes às p
                                                            ortas para fazer a 
                                                            comparação
  152 00000020 F042 0202       ORR              R2, #GPIO_PORTB ;Seta o bit da 
                                                            porta B, fazendo co
                                                            m OR
  153 00000024 F442 7280       ORR              R2, #GPIO_PORTJ
  154 00000028 F442 5200       ORR              R2, #GPIO_PORTP ;Seta o bit da 
                                                            porta P, fazendo co
                                                            m OR
  155 0000002C F442 4280       ORR              R2, #GPIO_PORTQ ;Seta o bit da 
                                                            porta Q, fazendo co
                                                            m OR
  156 00000030 4211            TST              R1, R2      ;ANDS de R1 com R2
  157 00000032 D0F2            BEQ              EsperaGPIO  ;Se o flag Z=1, vol
                                                            ta para o laço. Sen
                                                            ão continua executa
                                                            ndo
  158 00000034         
  159 00000034         ; 2. Limpar o AMSEL para desabilitar a analógica
  160 00000034 F04F 0100       MOV              R1, #0x00   ;Colocar 0 no regis
                                                            trador para desabil
                                                            itar a função analó
                                                            gica
  161 00000038         
  162 00000038 4881            LDR              R0, =GPIO_PORTA_AHB_AMSEL_R ;Ca
                                                            rrega o R0 com o en



ARM Macro Assembler    Page 7 


                                                            dereço do AMSEL par
                                                            a a porta A
  163 0000003A 6001            STR              R1, [R0]    ;Guarda no registra
                                                            dor AMSEL da porta 
                                                            A da memória
  164 0000003C         
  165 0000003C 4881            LDR              R0, =GPIO_PORTB_AHB_AMSEL_R ;Ca
                                                            rrega o R0 com o en
                                                            dereço do AMSEL par
                                                            a a porta B
  166 0000003E 6001            STR              R1, [R0]    ;Guarda no registra
                                                            dor AMSEL da porta 
                                                            B da memória
  167 00000040         
  168 00000040 4881            LDR              R0, =GPIO_PORTP_AMSEL_R ;Carreg
                                                            a o R0 com o endere
                                                            ço do AMSEL para a 
                                                            porta P
  169 00000042 6001            STR              R1, [R0]    ;Guarda no registra
                                                            dor AMSEL da porta 
                                                            P da memória
  170 00000044         
  171 00000044 4881            LDR              R0, =GPIO_PORTQ_AMSEL_R ;Carreg
                                                            a o R0 com o endere
                                                            ço do AMSEL para a 
                                                            porta Q
  172 00000046 6001            STR              R1, [R0]    ;Guarda no registra
                                                            dor AMSEL da porta 
                                                            Q da memória
  173 00000048         
  174 00000048 4881            LDR              R0, =GPIO_PORTJ_AHB_AMSEL_R ;Ca
                                                            rrega o R0 com o en
                                                            dere?o do AMSEL par
                                                            a a porta J
  175 0000004A 6001            STR              R1, [R0]
  176 0000004C         
  177 0000004C         ; 3. Limpar PCTL para selecionar o GPIO
  178 0000004C F04F 0100       MOV              R1, #0x00   ;Colocar 0 no regis
                                                            trador para selecio
                                                            nar o modo GPIO
  179 00000050 4880            LDR              R0, =GPIO_PORTA_AHB_PCTL_R ;Car
                                                            rega o R0 com o end
                                                            ereço do PCTL para 
                                                            a porta A
  180 00000052 6001            STR              R1, [R0]    ;Guarda no registra
                                                            dor PCTL da porta A
                                                             da memória
  181 00000054 4880            LDR              R0, =GPIO_PORTB_AHB_PCTL_R ;Car
                                                            rega o R0 com o end
                                                            ereço do PCTL para 
                                                            a porta B
  182 00000056 6001            STR              R1, [R0]    ;Guarda no registra
                                                            dor PCTL da porta B
                                                             da memória
  183 00000058 4880            LDR              R0, =GPIO_PORTP_PCTL_R ;Carrega
                                                             o R0 com o endereç
                                                            o do PCTL para a po
                                                            rta P
  184 0000005A 6001            STR              R1, [R0]    ;Guarda no registra



ARM Macro Assembler    Page 8 


                                                            dor PCTL da porta P
                                                             da memória
  185 0000005C 4880            LDR              R0, =GPIO_PORTQ_PCTL_R ;Carrega
                                                             o R0 com o endereç
                                                            o do PCTL para a po
                                                            rta Q
  186 0000005E 6001            STR              R1, [R0]    ;Guarda no registra
                                                            dor PCTL da porta Q
                                                             da memória
  187 00000060 4880            LDR              R0, =GPIO_PORTJ_AHB_PCTL_R ;Car
                                                            rega o R0 com o end
                                                            ere?o do PCTL para 
                                                            a porta J
  188 00000062 6001            STR              R1, [R0]
  189 00000064         ; 4. DIR para 0 se for entrada, 1 se for saída
  190 00000064 4880            LDR              R0, =GPIO_PORTA_AHB_DIR_R ;Carr
                                                            ega o R0 com o ende
                                                            reço do DIR para a 
                                                            porta A
  191 00000066 F04F 01FF       MOV              R1, #0xFF   ;PF4 & PF0 para LED
                                                            
  192 0000006A 6001            STR              R1, [R0]    ;Guarda no registra
                                                            dor
  193 0000006C         ; O certo era verificar os outros bits da PF para não tr
                       ansformar entradas em saídas desnecessárias
  194 0000006C 487F            LDR              R0, =GPIO_PORTB_AHB_DIR_R ;Carr
                                                            ega o R0 com o ende
                                                            reço do DIR para a 
                                                            porta B
  195 0000006E F04F 01FF       MOV              R1, #0xFF   ;Colocar 0 no regis
                                                            trador DIR para fun
                                                            cionar com saída
  196 00000072 6001            STR              R1, [R0]    ;Guarda no registra
                                                            dor PCTL da porta B
                                                             da memória
  197 00000074         ;
  198 00000074 487E            LDR              R0, =GPIO_PORTP_DIR_R ;Carrega 
                                                            o R0 com o endereço
                                                             do DIR para a port
                                                            a P
  199 00000076 F04F 01FF       MOV              R1, #0xFF   ;PF4 & PF0 para LED
                                                            
  200 0000007A 6001            STR              R1, [R0]    ;Guarda no registra
                                                            dor
  201 0000007C         ;
  202 0000007C 487D            LDR              R0, =GPIO_PORTQ_DIR_R ;Carrega 
                                                            o R0 com o endereço
                                                             do DIR para a port
                                                            a Q
  203 0000007E F04F 01FF       MOV              R1, #0xFF   ;PF4 & PF0 para LED
                                                            
  204 00000082 6001            STR              R1, [R0]    ;Guarda no registra
                                                            dor
  205 00000084         
  206 00000084 487C            LDR              R0, =GPIO_PORTJ_AHB_DIR_R ;Carr
                                                            ega o R0 com o ende
                                                            re?o do DIR para a 
                                                            porta J
  207 00000086 F04F 0100       MOV              R1, #0x00   ;Colocar 0 no regis



ARM Macro Assembler    Page 9 


                                                            trador DIR para fun
                                                            cionar com entrada
  208 0000008A 6001            STR              R1, [R0]
  209 0000008C         
  210 0000008C         ; 5. Limpar os bits AFSEL para 0 para selecionar GPIO 
  211 0000008C         ;    Sem função alternativa
  212 0000008C F04F 0100       MOV              R1, #0x00   ;Colocar o valor 0 
                                                            para não setar funç
                                                            ão alternativa
  213 00000090 487A            LDR              R0, =GPIO_PORTA_AHB_AFSEL_R ;Ca
                                                            rrega o endereço do
                                                             AFSEL da porta A
  214 00000092 6001            STR              R1, [R0]    ;Escreve na porta
  215 00000094 487A            LDR              R0, =GPIO_PORTB_AHB_AFSEL_R ;Ca
                                                            rrega o endereço do
                                                             AFSEL da porta B
  216 00000096 6001            STR              R1, [R0]    ;Escreve na porta
  217 00000098 487A            LDR              R0, =GPIO_PORTP_AFSEL_R ;Carreg
                                                            a o endereço do AFS
                                                            EL da porta P
  218 0000009A 6001            STR              R1, [R0]    ;Escreve na porta
  219 0000009C 487A            LDR              R0, =GPIO_PORTQ_AFSEL_R ;Carreg
                                                            a o endereço do AFS
                                                            EL da porta Q
  220 0000009E 6001            STR              R1, [R0]    ;Escreve na porta
  221 000000A0 487A            LDR              R0, =GPIO_PORTJ_AHB_AFSEL_R ;Ca
                                                            rrega o endere?o do
                                                             AFSEL da porta J
  222 000000A2 6001            STR              R1, [R0]
  223 000000A4         
  224 000000A4         ; 6. Setar os bits de DEN para habilitar I/O digital
  225 000000A4 487A            LDR              R0, =GPIO_PORTA_AHB_DEN_R ;Carr
                                                            ega o endereço do D
                                                            EN
  226 000000A6 6802            LDR              R2, [R0]
  227 000000A8 F04F 01F0       MOV              R1, #2_11110000
  228 000000AC EA41 0202       ORR              R2, R1, R2
  229 000000B0 6002            STR              R2, [R0]    ;Escreve no registr
                                                            ador da memória fun
                                                            cionalidade digital
                                                             
  230 000000B2         
  231 000000B2 4878            LDR              R0, =GPIO_PORTB_AHB_DEN_R ;Carr
                                                            ega o endereço do D
                                                            EN
  232 000000B4 6802            LDR              R2, [R0]
  233 000000B6 F04F 0130       MOV              R1, #2_00110000
  234 000000BA EA41 0202       ORR              R2, R1, R2
  235 000000BE 6001            STR              R1, [R0]    ;Escreve no registr
                                                            ador da memória fun
                                                            cionalidade digital
                                                             
  236 000000C0         
  237 000000C0 4875            LDR              R0, =GPIO_PORTP_DEN_R ;Carrega 
                                                            o endereço do DEN
  238 000000C2 6802            LDR              R2, [R0]
  239 000000C4 F04F 0120       MOV              R1, #2_00100000
  240 000000C8 EA41 0202       ORR              R2, R1, R2
  241 000000CC 6001            STR              R1, [R0]    ;Escreve no registr



ARM Macro Assembler    Page 10 


                                                            ador da memória fun
                                                            cionalidade digital
                                                             
  242 000000CE         
  243 000000CE 4873            LDR              R0, =GPIO_PORTQ_DEN_R ;Carrega 
                                                            o endereço do DEN
  244 000000D0 6802            LDR              R2, [R0]
  245 000000D2 F04F 010F       MOV              R1, #2_00001111
  246 000000D6 EA41 0202       ORR              R2, R1, R2
  247 000000DA 6001            STR              R1, [R0]    ;Escreve no registr
                                                            ador da memória fun
                                                            cionalidade digital
                                                            
  248 000000DC         
  249 000000DC 4870            LDR              R0, =GPIO_PORTJ_AHB_DEN_R ;Carr
                                                            ega o endere?o do D
                                                            EN
  250 000000DE 6801            LDR              R1, [R0]    ;Ler da mem?ria o r
                                                            egistrador GPIO_POR
                                                            TJ_AHB_DEN_R
  251 000000E0 F04F 0203       MOV              R2, #2_00000011 ;Habilitar func
                                                            ionalidade digital 
                                                            na DEN
  252 000000E4 EA41 0102       ORR              R1, R2      ;Setar bits sem sob
                                                            rescrever os demais
                                                            
  253 000000E8 6001            STR              R1, [R0]
  254 000000EA         
  255 000000EA         ; 7. Para habilitar resistor de pull-up interno, setar P
                       UR para 1
  256 000000EA 486E            LDR              R0, =GPIO_PORTJ_AHB_PUR_R ;Carr
                                                            ega o endere?o do P
                                                            UR para a porta J
  257 000000EC F04F 0101       MOV              R1, #BIT0   ;Habilitar funciona
                                                            lidade digital de r
                                                            esistor de pull-up 
                                                            
  258 000000F0 F041 0102       ORR              R1, #BIT1   ;nos bits 0 e 1
  259 000000F4 6001            STR              R1, [R0]    ;Escreve no registr
                                                            ador da mem?ria do 
                                                            resistor de pull-up
                                                            
  260 000000F6 4770            BX               LR
  261 000000F8         
  262 000000F8         ;retorno            
  263 000000F8 4770            BX               LR
  264 000000FA         
  265 000000FA         ; ------------------------------------------------------
                       -------------------------
  266 000000FA         ; LED_Or_7seg_Output
  267 000000FA         ; Inputs: R0
  268 000000FA         LED_Or_7seg_Output
  269 000000FA B50E            PUSH             {R1,R2,R3,LR}
  270 000000FC         
  271 000000FC 496A            LDR              R1, =GPIO_PORTA_AHB_DATA_R
  272 000000FE 680A            LDR              R2, [R1]    ; R2 <= Dados do PO
                                                            RT A
  273 00000100 F022 02F0       BIC              R2, #2_11110000
  274 00000104 EA40 0302       ORR              R3, R0, R2



ARM Macro Assembler    Page 11 


  275 00000108 600B            STR              R3, [R1]
  276 0000010A         
  277 0000010A 4968            LDR              R1, =GPIO_PORTQ_DATA_R
  278 0000010C 680A            LDR              R2, [R1]    ; R2 <= Dados do PO
                                                            RT Q
  279 0000010E F022 020F       BIC              R2, #2_00001111
  280 00000112 EA40 0302       ORR              R3, R0, R2
  281 00000116 600B            STR              R3, [R1]
  282 00000118         
  283 00000118 E8BD 400E       POP              {R1,R2,R3,LR}
  284 0000011C 4770            BX               LR
  285 0000011E         
  286 0000011E         ; Inputs: Não tem
  287 0000011E         Liga_LED
  288 0000011E B506            PUSH             {R1,R2,LR}
  289 00000120 4963            LDR              R1, =GPIO_PORTP_DATA_R
  290 00000122 680A            LDR              R2, [R1]    ; R2 <= Dados do PO
                                                            RT A
  291 00000124 F042 0220       ORR              R2, R2, #2_00100000
  292 00000128 600A            STR              R2, [R1]
  293 0000012A E8BD 4006       POP              {R1,R2,LR}
  294 0000012E 4770            BX               LR
  295 00000130         
  296 00000130         ; Inputs: Não tem
  297 00000130         Desliga_LED
  298 00000130 B506            PUSH             {R1,R2,LR}
  299 00000132 495F            LDR              R1, =GPIO_PORTP_DATA_R
  300 00000134 680A            LDR              R2, [R1]    ; R2 <= Dados do PO
                                                            RT A
  301 00000136 F022 0220       BIC              R2, R2, #2_00100000
  302 0000013A 600A            STR              R2, [R1]
  303 0000013C E8BD 4006       POP              {R1,R2,LR}
  304 00000140 4770            BX               LR
  305 00000142         
  306 00000142         ; Inputs: Não tem
  307 00000142         Liga_7segDireita
  308 00000142 B506            PUSH             {R1,R2,LR}
  309 00000144 495B            LDR              R1, =GPIO_PORTB_AHB_DATA_R
  310 00000146 680A            LDR              R2, [R1]
  311 00000148 F042 0220       ORR              R2, #2_00100000
  312 0000014C 600A            STR              R2, [R1]
  313 0000014E E8BD 4006       POP              {R1,R2,LR}
  314 00000152 4770            BX               LR
  315 00000154         
  316 00000154         ; Inputs: Não tem
  317 00000154         Desliga_7segDireita
  318 00000154 B506            PUSH             {R1,R2,LR}
  319 00000156 4957            LDR              R1, =GPIO_PORTB_AHB_DATA_R
  320 00000158 680A            LDR              R2, [R1]
  321 0000015A F022 0220       BIC              R2, #2_00100000
  322 0000015E 600A            STR              R2, [R1]
  323 00000160 BD06            POP              {R1,R2,PC}
  324 00000162 4770            BX               LR
  325 00000164         
  326 00000164         ; Inputs: Não tem
  327 00000164         Liga_7segEsquerda
  328 00000164 B506            PUSH             {R1,R2, LR}
  329 00000166 4953            LDR              R1, =GPIO_PORTB_AHB_DATA_R
  330 00000168 680A            LDR              R2, [R1]



ARM Macro Assembler    Page 12 


  331 0000016A F042 0210       ORR              R2, #2_00010000
  332 0000016E 600A            STR              R2, [R1]
  333 00000170 E8BD 4006       POP              {R1,R2,LR}
  334 00000174 4770            BX               LR
  335 00000176         
  336 00000176         ; Inputs: Não tem
  337 00000176         Desliga_7segEsquerda
  338 00000176 B506            PUSH             {R1,R2,LR}
  339 00000178 494E            LDR              R1, =GPIO_PORTB_AHB_DATA_R
  340 0000017A 680A            LDR              R2, [R1]
  341 0000017C F022 0210       BIC              R2, #2_00010000
  342 00000180 600A            STR              R2, [R1]
  343 00000182 BD06            POP              {R1,R2,PC}
  344 00000184 4770            BX               LR
  345 00000186         
  346 00000186         ; Inputs: R0
  347 00000186         ; Outputs: R1 - Código para 7 segmentos
  348 00000186         DecodePassoCavaleiro
  349 00000186 2800            CMP              R0, #0
  350 00000188 D102            BNE              UmCavaleiro
  351 0000018A F04F 0180       MOV              R1, #PASSO0
  352 0000018E 4770            BX               LR
  353 00000190         UmCavaleiro
  354 00000190 2801            CMP              R0, #1
  355 00000192 D102            BNE              DoisCavaleiro
  356 00000194 F04F 0140       MOV              R1, #PASSO1
  357 00000198 4770            BX               LR
  358 0000019A         DoisCavaleiro
  359 0000019A 2802            CMP              R0, #2
  360 0000019C D102            BNE              TresCavaleiro
  361 0000019E F04F 0120       MOV              R1, #PASSO2
  362 000001A2 4770            BX               LR
  363 000001A4         TresCavaleiro
  364 000001A4 2803            CMP              R0, #3
  365 000001A6 D102            BNE              QuatroCavaleiro
  366 000001A8 F04F 0110       MOV              R1, #PASSO3
  367 000001AC 4770            BX               LR
  368 000001AE         QuatroCavaleiro
  369 000001AE 2804            CMP              R0, #4
  370 000001B0 D102            BNE              CincoCavaleiro
  371 000001B2 F04F 0108       MOV              R1, #PASSO4
  372 000001B6 4770            BX               LR
  373 000001B8         CincoCavaleiro
  374 000001B8 2805            CMP              R0, #5
  375 000001BA D102            BNE              SeisCavaleiro
  376 000001BC F04F 0104       MOV              R1, #PASSO5
  377 000001C0 4770            BX               LR
  378 000001C2         SeisCavaleiro
  379 000001C2 2806            CMP              R0, #6
  380 000001C4 D102            BNE              SeteCavaleiro
  381 000001C6 F04F 0102       MOV              R1, #PASSO6
  382 000001CA 4770            BX               LR
  383 000001CC         SeteCavaleiro
  384 000001CC F04F 0101       MOV              R1, #PASSO7
  385 000001D0 4770            BX               LR
  386 000001D2         
  387 000001D2         
  388 000001D2         Decode7seg
  389 000001D2 2800            CMP              R0, #0



ARM Macro Assembler    Page 13 


  390 000001D4 D102            BNE              Um
  391 000001D6 F04F 013F       MOV              R1, #DIGIT_0
  392 000001DA 4770            BX               LR
  393 000001DC         Um
  394 000001DC 2801            CMP              R0, #1
  395 000001DE D102            BNE              Dois
  396 000001E0 F04F 0106       MOV              R1, #DIGIT_1
  397 000001E4 4770            BX               LR
  398 000001E6         Dois
  399 000001E6 2802            CMP              R0, #2
  400 000001E8 D102            BNE              Tres
  401 000001EA F04F 015B       MOV              R1, #DIGIT_2
  402 000001EE 4770            BX               LR
  403 000001F0         Tres
  404 000001F0 2803            CMP              R0, #3
  405 000001F2 D102            BNE              Quatro
  406 000001F4 F04F 014F       MOV              R1, #DIGIT_3
  407 000001F8 4770            BX               LR
  408 000001FA         Quatro
  409 000001FA 2804            CMP              R0, #4
  410 000001FC D102            BNE              Cinco
  411 000001FE F04F 0166       MOV              R1, #DIGIT_4
  412 00000202 4770            BX               LR
  413 00000204         Cinco
  414 00000204 2805            CMP              R0, #5
  415 00000206 D102            BNE              Seis
  416 00000208 F04F 016D       MOV              R1, #DIGIT_5
  417 0000020C 4770            BX               LR
  418 0000020E         Seis
  419 0000020E 2806            CMP              R0, #6
  420 00000210 D102            BNE              Sete
  421 00000212 F04F 017D       MOV              R1, #DIGIT_6
  422 00000216 4770            BX               LR
  423 00000218         Sete
  424 00000218 2807            CMP              R0, #7
  425 0000021A D102            BNE              Oito
  426 0000021C F04F 0107       MOV              R1, #DIGIT_7
  427 00000220 4770            BX               LR
  428 00000222         Oito
  429 00000222 2808            CMP              R0, #8
  430 00000224 D102            BNE              Nove
  431 00000226 F04F 017F       MOV              R1, #DIGIT_8
  432 0000022A 4770            BX               LR
  433 0000022C         Nove
  434 0000022C F04F 016F       MOV              R1, #DIGIT_9
  435 00000230 4770            BX               LR
  436 00000232         
  437 00000232         ; ------------------------------------------------------
                       -------------------------
  438 00000232         ; Função LeBotoes
  439 00000232         ; Parâmetro de entrada: Não tem
  440 00000232         ; Parâmetro de saída: R0 --> o valor da leitura
  441 00000232         LeBotoes
  442 00000232 4921            LDR              R1, =GPIO_PORTJ_AHB_DATA_R ;Car
                                                            rega o valor do off
                                                            set do data registe
                                                            r
  443 00000234 6808            LDR              R0, [R1]    ;Lê no barramento d
                                                            e dados dos pinos [



ARM Macro Assembler    Page 14 


                                                            J1-J0]
  444 00000236 4770            BX               LR          ;Retorno
  445 00000238         
  446 00000238         
  447 00000238         
  448 00000238                 ALIGN                        ; garante que o fim
                                                             da seção está alin
                                                            hada 
  449 00000238                 END                          ; fim do arquivo
              400FE608 
              400FEA08 
              40058528 
              40059528 
              40065528 
              40066528 
              40060528 
              4005852C 
              4005952C 
              4006552C 
              4006652C 
              4006052C 
              40058400 
              40059400 
              40065400 
              40066400 
              40060400 
              40058420 
              40059420 
              40065420 
              40066420 
              40060420 
              4005851C 
              4005951C 
              4006551C 
              4006651C 
              4006051C 
              40060510 
              400583FC 
              400663FC 
              400653FC 
              400593FC 
              400603FC 
Command Line: --debug --xref --diag_suppress=9931 --cpu=Cortex-M4.fp --apcs=int
erwork --depend=.\objects\gpio.d -o.\objects\gpio.o -I.\RTE\_Target_1 -IC:\User
s\joaoz\AppData\Local\Arm\Packs\Keil\TM4C_DFP\1.1.0\Device\Include\TM4C129 -IC:
\Keil_v5\ARM\CMSIS\Include --predefine="__EVAL SETA 1" --predefine="__UVISION_V
ERSION SETA 528" --predefine="TM4C1294NCPDT SETA 1" --list=.\listings\gpio.lst 
gpio.s



ARM Macro Assembler    Page 1 Alphabetic symbol ordering
Relocatable symbols

.text 00000000

Symbol: .text
   Definitions
      At line 117 in file gpio.s
   Uses
      None
Comment: .text unused
Cinco 00000204

Symbol: Cinco
   Definitions
      At line 413 in file gpio.s
   Uses
      At line 410 in file gpio.s
Comment: Cinco used once
CincoCavaleiro 000001B8

Symbol: CincoCavaleiro
   Definitions
      At line 373 in file gpio.s
   Uses
      At line 370 in file gpio.s
Comment: CincoCavaleiro used once
Decode7seg 000001D2

Symbol: Decode7seg
   Definitions
      At line 388 in file gpio.s
   Uses
      At line 129 in file gpio.s
Comment: Decode7seg used once
DecodePassoCavaleiro 00000186

Symbol: DecodePassoCavaleiro
   Definitions
      At line 348 in file gpio.s
   Uses
      At line 130 in file gpio.s
Comment: DecodePassoCavaleiro used once
Desliga_7segDireita 00000154

Symbol: Desliga_7segDireita
   Definitions
      At line 317 in file gpio.s
   Uses
      At line 125 in file gpio.s
Comment: Desliga_7segDireita used once
Desliga_7segEsquerda 00000176

Symbol: Desliga_7segEsquerda
   Definitions
      At line 337 in file gpio.s
   Uses
      At line 127 in file gpio.s
Comment: Desliga_7segEsquerda used once
Desliga_LED 00000130

Symbol: Desliga_LED



ARM Macro Assembler    Page 2 Alphabetic symbol ordering
Relocatable symbols

   Definitions
      At line 297 in file gpio.s
   Uses
      At line 123 in file gpio.s
Comment: Desliga_LED used once
Dois 000001E6

Symbol: Dois
   Definitions
      At line 398 in file gpio.s
   Uses
      At line 395 in file gpio.s
Comment: Dois used once
DoisCavaleiro 0000019A

Symbol: DoisCavaleiro
   Definitions
      At line 358 in file gpio.s
   Uses
      At line 355 in file gpio.s
Comment: DoisCavaleiro used once
EsperaGPIO 0000001A

Symbol: EsperaGPIO
   Definitions
      At line 150 in file gpio.s
   Uses
      At line 157 in file gpio.s
Comment: EsperaGPIO used once
GPIO_Init 00000000

Symbol: GPIO_Init
   Definitions
      At line 136 in file gpio.s
   Uses
      At line 120 in file gpio.s
Comment: GPIO_Init used once
LED_Or_7seg_Output 000000FA

Symbol: LED_Or_7seg_Output
   Definitions
      At line 268 in file gpio.s
   Uses
      At line 128 in file gpio.s
Comment: LED_Or_7seg_Output used once
LeBotoes 00000232

Symbol: LeBotoes
   Definitions
      At line 441 in file gpio.s
   Uses
      At line 121 in file gpio.s
Comment: LeBotoes used once
Liga_7segDireita 00000142

Symbol: Liga_7segDireita
   Definitions
      At line 307 in file gpio.s
   Uses



ARM Macro Assembler    Page 3 Alphabetic symbol ordering
Relocatable symbols

      At line 124 in file gpio.s
Comment: Liga_7segDireita used once
Liga_7segEsquerda 00000164

Symbol: Liga_7segEsquerda
   Definitions
      At line 327 in file gpio.s
   Uses
      At line 126 in file gpio.s
Comment: Liga_7segEsquerda used once
Liga_LED 0000011E

Symbol: Liga_LED
   Definitions
      At line 287 in file gpio.s
   Uses
      At line 122 in file gpio.s
Comment: Liga_LED used once
Nove 0000022C

Symbol: Nove
   Definitions
      At line 433 in file gpio.s
   Uses
      At line 430 in file gpio.s
Comment: Nove used once
Oito 00000222

Symbol: Oito
   Definitions
      At line 428 in file gpio.s
   Uses
      At line 425 in file gpio.s
Comment: Oito used once
Quatro 000001FA

Symbol: Quatro
   Definitions
      At line 408 in file gpio.s
   Uses
      At line 405 in file gpio.s
Comment: Quatro used once
QuatroCavaleiro 000001AE

Symbol: QuatroCavaleiro
   Definitions
      At line 368 in file gpio.s
   Uses
      At line 365 in file gpio.s
Comment: QuatroCavaleiro used once
Seis 0000020E

Symbol: Seis
   Definitions
      At line 418 in file gpio.s
   Uses
      At line 415 in file gpio.s
Comment: Seis used once
SeisCavaleiro 000001C2



ARM Macro Assembler    Page 4 Alphabetic symbol ordering
Relocatable symbols


Symbol: SeisCavaleiro
   Definitions
      At line 378 in file gpio.s
   Uses
      At line 375 in file gpio.s
Comment: SeisCavaleiro used once
Sete 00000218

Symbol: Sete
   Definitions
      At line 423 in file gpio.s
   Uses
      At line 420 in file gpio.s
Comment: Sete used once
SeteCavaleiro 000001CC

Symbol: SeteCavaleiro
   Definitions
      At line 383 in file gpio.s
   Uses
      At line 380 in file gpio.s
Comment: SeteCavaleiro used once
Tres 000001F0

Symbol: Tres
   Definitions
      At line 403 in file gpio.s
   Uses
      At line 400 in file gpio.s
Comment: Tres used once
TresCavaleiro 000001A4

Symbol: TresCavaleiro
   Definitions
      At line 363 in file gpio.s
   Uses
      At line 360 in file gpio.s
Comment: TresCavaleiro used once
Um 000001DC

Symbol: Um
   Definitions
      At line 393 in file gpio.s
   Uses
      At line 390 in file gpio.s
Comment: Um used once
UmCavaleiro 00000190

Symbol: UmCavaleiro
   Definitions
      At line 353 in file gpio.s
   Uses
      At line 350 in file gpio.s
Comment: UmCavaleiro used once
29 symbols



ARM Macro Assembler    Page 1 Alphabetic symbol ordering
Absolute symbols

BIT0 00000001

Symbol: BIT0
   Definitions
      At line 12 in file gpio.s
   Uses
      At line 257 in file gpio.s
Comment: BIT0 used once
BIT1 00000002

Symbol: BIT1
   Definitions
      At line 13 in file gpio.s
   Uses
      At line 258 in file gpio.s
Comment: BIT1 used once
DIGIT_0 0000003F

Symbol: DIGIT_0
   Definitions
      At line 93 in file gpio.s
   Uses
      At line 391 in file gpio.s
Comment: DIGIT_0 used once
DIGIT_1 00000006

Symbol: DIGIT_1
   Definitions
      At line 94 in file gpio.s
   Uses
      At line 396 in file gpio.s
Comment: DIGIT_1 used once
DIGIT_2 0000005B

Symbol: DIGIT_2
   Definitions
      At line 95 in file gpio.s
   Uses
      At line 401 in file gpio.s
Comment: DIGIT_2 used once
DIGIT_3 0000004F

Symbol: DIGIT_3
   Definitions
      At line 96 in file gpio.s
   Uses
      At line 406 in file gpio.s
Comment: DIGIT_3 used once
DIGIT_4 00000066

Symbol: DIGIT_4
   Definitions
      At line 97 in file gpio.s
   Uses
      At line 411 in file gpio.s
Comment: DIGIT_4 used once
DIGIT_5 0000006D

Symbol: DIGIT_5



ARM Macro Assembler    Page 2 Alphabetic symbol ordering
Absolute symbols

   Definitions
      At line 98 in file gpio.s
   Uses
      At line 416 in file gpio.s
Comment: DIGIT_5 used once
DIGIT_6 0000007D

Symbol: DIGIT_6
   Definitions
      At line 99 in file gpio.s
   Uses
      At line 421 in file gpio.s
Comment: DIGIT_6 used once
DIGIT_7 00000007

Symbol: DIGIT_7
   Definitions
      At line 100 in file gpio.s
   Uses
      At line 426 in file gpio.s
Comment: DIGIT_7 used once
DIGIT_8 0000007F

Symbol: DIGIT_8
   Definitions
      At line 101 in file gpio.s
   Uses
      At line 431 in file gpio.s
Comment: DIGIT_8 used once
DIGIT_9 0000006F

Symbol: DIGIT_9
   Definitions
      At line 102 in file gpio.s
   Uses
      At line 434 in file gpio.s
Comment: DIGIT_9 used once
GPIO_PORTA 00000001

Symbol: GPIO_PORTA
   Definitions
      At line 31 in file gpio.s
   Uses
      At line 142 in file gpio.s
      At line 151 in file gpio.s

GPIO_PORTA_AHB_AFSEL_R 40058420

Symbol: GPIO_PORTA_AHB_AFSEL_R
   Definitions
      At line 24 in file gpio.s
   Uses
      At line 213 in file gpio.s
Comment: GPIO_PORTA_AHB_AFSEL_R used once
GPIO_PORTA_AHB_AMSEL_R 40058528

Symbol: GPIO_PORTA_AHB_AMSEL_R
   Definitions
      At line 29 in file gpio.s



ARM Macro Assembler    Page 3 Alphabetic symbol ordering
Absolute symbols

   Uses
      At line 162 in file gpio.s
Comment: GPIO_PORTA_AHB_AMSEL_R used once
GPIO_PORTA_AHB_CR_R 40058524

Symbol: GPIO_PORTA_AHB_CR_R
   Definitions
      At line 28 in file gpio.s
   Uses
      None
Comment: GPIO_PORTA_AHB_CR_R unused
GPIO_PORTA_AHB_DATA_R 400583FC

Symbol: GPIO_PORTA_AHB_DATA_R
   Definitions
      At line 22 in file gpio.s
   Uses
      At line 271 in file gpio.s
Comment: GPIO_PORTA_AHB_DATA_R used once
GPIO_PORTA_AHB_DEN_R 4005851C

Symbol: GPIO_PORTA_AHB_DEN_R
   Definitions
      At line 26 in file gpio.s
   Uses
      At line 225 in file gpio.s
Comment: GPIO_PORTA_AHB_DEN_R used once
GPIO_PORTA_AHB_DIR_R 40058400

Symbol: GPIO_PORTA_AHB_DIR_R
   Definitions
      At line 23 in file gpio.s
   Uses
      At line 190 in file gpio.s
Comment: GPIO_PORTA_AHB_DIR_R used once
GPIO_PORTA_AHB_LOCK_R 40058520

Symbol: GPIO_PORTA_AHB_LOCK_R
   Definitions
      At line 27 in file gpio.s
   Uses
      None
Comment: GPIO_PORTA_AHB_LOCK_R unused
GPIO_PORTA_AHB_PCTL_R 4005852C

Symbol: GPIO_PORTA_AHB_PCTL_R
   Definitions
      At line 30 in file gpio.s
   Uses
      At line 179 in file gpio.s
Comment: GPIO_PORTA_AHB_PCTL_R used once
GPIO_PORTA_AHB_PUR_R 40058510

Symbol: GPIO_PORTA_AHB_PUR_R
   Definitions
      At line 25 in file gpio.s
   Uses
      None
Comment: GPIO_PORTA_AHB_PUR_R unused



ARM Macro Assembler    Page 4 Alphabetic symbol ordering
Absolute symbols

GPIO_PORTB 00000002

Symbol: GPIO_PORTB
   Definitions
      At line 43 in file gpio.s
   Uses
      At line 143 in file gpio.s
      At line 152 in file gpio.s

GPIO_PORTB_AHB_AFSEL_R 40059420

Symbol: GPIO_PORTB_AHB_AFSEL_R
   Definitions
      At line 36 in file gpio.s
   Uses
      At line 215 in file gpio.s
Comment: GPIO_PORTB_AHB_AFSEL_R used once
GPIO_PORTB_AHB_AMSEL_R 40059528

Symbol: GPIO_PORTB_AHB_AMSEL_R
   Definitions
      At line 41 in file gpio.s
   Uses
      At line 165 in file gpio.s
Comment: GPIO_PORTB_AHB_AMSEL_R used once
GPIO_PORTB_AHB_CR_R 40059524

Symbol: GPIO_PORTB_AHB_CR_R
   Definitions
      At line 40 in file gpio.s
   Uses
      None
Comment: GPIO_PORTB_AHB_CR_R unused
GPIO_PORTB_AHB_DATA_R 400593FC

Symbol: GPIO_PORTB_AHB_DATA_R
   Definitions
      At line 34 in file gpio.s
   Uses
      At line 309 in file gpio.s
      At line 319 in file gpio.s
      At line 329 in file gpio.s
      At line 339 in file gpio.s

GPIO_PORTB_AHB_DEN_R 4005951C

Symbol: GPIO_PORTB_AHB_DEN_R
   Definitions
      At line 38 in file gpio.s
   Uses
      At line 231 in file gpio.s
Comment: GPIO_PORTB_AHB_DEN_R used once
GPIO_PORTB_AHB_DIR_R 40059400

Symbol: GPIO_PORTB_AHB_DIR_R
   Definitions
      At line 35 in file gpio.s
   Uses
      At line 194 in file gpio.s



ARM Macro Assembler    Page 5 Alphabetic symbol ordering
Absolute symbols

Comment: GPIO_PORTB_AHB_DIR_R used once
GPIO_PORTB_AHB_LOCK_R 40059520

Symbol: GPIO_PORTB_AHB_LOCK_R
   Definitions
      At line 39 in file gpio.s
   Uses
      None
Comment: GPIO_PORTB_AHB_LOCK_R unused
GPIO_PORTB_AHB_PCTL_R 4005952C

Symbol: GPIO_PORTB_AHB_PCTL_R
   Definitions
      At line 42 in file gpio.s
   Uses
      At line 181 in file gpio.s
Comment: GPIO_PORTB_AHB_PCTL_R used once
GPIO_PORTB_AHB_PUR_R 40059510

Symbol: GPIO_PORTB_AHB_PUR_R
   Definitions
      At line 37 in file gpio.s
   Uses
      None
Comment: GPIO_PORTB_AHB_PUR_R unused
GPIO_PORTJ 00000100

Symbol: GPIO_PORTJ
   Definitions
      At line 55 in file gpio.s
   Uses
      At line 146 in file gpio.s
      At line 153 in file gpio.s

GPIO_PORTJ_AHB_AFSEL_R 40060420

Symbol: GPIO_PORTJ_AHB_AFSEL_R
   Definitions
      At line 51 in file gpio.s
   Uses
      At line 221 in file gpio.s
Comment: GPIO_PORTJ_AHB_AFSEL_R used once
GPIO_PORTJ_AHB_AMSEL_R 40060528

Symbol: GPIO_PORTJ_AHB_AMSEL_R
   Definitions
      At line 48 in file gpio.s
   Uses
      At line 174 in file gpio.s
Comment: GPIO_PORTJ_AHB_AMSEL_R used once
GPIO_PORTJ_AHB_CR_R 40060524

Symbol: GPIO_PORTJ_AHB_CR_R
   Definitions
      At line 47 in file gpio.s
   Uses
      None
Comment: GPIO_PORTJ_AHB_CR_R unused
GPIO_PORTJ_AHB_DATA_R 400603FC



ARM Macro Assembler    Page 6 Alphabetic symbol ordering
Absolute symbols


Symbol: GPIO_PORTJ_AHB_DATA_R
   Definitions
      At line 54 in file gpio.s
   Uses
      At line 442 in file gpio.s
Comment: GPIO_PORTJ_AHB_DATA_R used once
GPIO_PORTJ_AHB_DEN_R 4006051C

Symbol: GPIO_PORTJ_AHB_DEN_R
   Definitions
      At line 52 in file gpio.s
   Uses
      At line 249 in file gpio.s
Comment: GPIO_PORTJ_AHB_DEN_R used once
GPIO_PORTJ_AHB_DIR_R 40060400

Symbol: GPIO_PORTJ_AHB_DIR_R
   Definitions
      At line 50 in file gpio.s
   Uses
      At line 206 in file gpio.s
Comment: GPIO_PORTJ_AHB_DIR_R used once
GPIO_PORTJ_AHB_LOCK_R 40060520

Symbol: GPIO_PORTJ_AHB_LOCK_R
   Definitions
      At line 46 in file gpio.s
   Uses
      None
Comment: GPIO_PORTJ_AHB_LOCK_R unused
GPIO_PORTJ_AHB_PCTL_R 4006052C

Symbol: GPIO_PORTJ_AHB_PCTL_R
   Definitions
      At line 49 in file gpio.s
   Uses
      At line 187 in file gpio.s
Comment: GPIO_PORTJ_AHB_PCTL_R used once
GPIO_PORTJ_AHB_PUR_R 40060510

Symbol: GPIO_PORTJ_AHB_PUR_R
   Definitions
      At line 53 in file gpio.s
   Uses
      At line 256 in file gpio.s
Comment: GPIO_PORTJ_AHB_PUR_R used once
GPIO_PORTN 00001000

Symbol: GPIO_PORTN
   Definitions
      At line 67 in file gpio.s
   Uses
      None
Comment: GPIO_PORTN unused
GPIO_PORTN_AHB_AFSEL_R 40064420

Symbol: GPIO_PORTN_AHB_AFSEL_R
   Definitions



ARM Macro Assembler    Page 7 Alphabetic symbol ordering
Absolute symbols

      At line 63 in file gpio.s
   Uses
      None
Comment: GPIO_PORTN_AHB_AFSEL_R unused
GPIO_PORTN_AHB_AMSEL_R 40064528

Symbol: GPIO_PORTN_AHB_AMSEL_R
   Definitions
      At line 60 in file gpio.s
   Uses
      None
Comment: GPIO_PORTN_AHB_AMSEL_R unused
GPIO_PORTN_AHB_CR_R 40064524

Symbol: GPIO_PORTN_AHB_CR_R
   Definitions
      At line 59 in file gpio.s
   Uses
      None
Comment: GPIO_PORTN_AHB_CR_R unused
GPIO_PORTN_AHB_DATA_R 400643FC

Symbol: GPIO_PORTN_AHB_DATA_R
   Definitions
      At line 66 in file gpio.s
   Uses
      None
Comment: GPIO_PORTN_AHB_DATA_R unused
GPIO_PORTN_AHB_DEN_R 4006451C

Symbol: GPIO_PORTN_AHB_DEN_R
   Definitions
      At line 64 in file gpio.s
   Uses
      None
Comment: GPIO_PORTN_AHB_DEN_R unused
GPIO_PORTN_AHB_DIR_R 40064400

Symbol: GPIO_PORTN_AHB_DIR_R
   Definitions
      At line 62 in file gpio.s
   Uses
      None
Comment: GPIO_PORTN_AHB_DIR_R unused
GPIO_PORTN_AHB_LOCK_R 40064520

Symbol: GPIO_PORTN_AHB_LOCK_R
   Definitions
      At line 58 in file gpio.s
   Uses
      None
Comment: GPIO_PORTN_AHB_LOCK_R unused
GPIO_PORTN_AHB_PCTL_R 4006452C

Symbol: GPIO_PORTN_AHB_PCTL_R
   Definitions
      At line 61 in file gpio.s
   Uses
      None



ARM Macro Assembler    Page 8 Alphabetic symbol ordering
Absolute symbols

Comment: GPIO_PORTN_AHB_PCTL_R unused
GPIO_PORTN_AHB_PUR_R 40064510

Symbol: GPIO_PORTN_AHB_PUR_R
   Definitions
      At line 65 in file gpio.s
   Uses
      None
Comment: GPIO_PORTN_AHB_PUR_R unused
GPIO_PORTP 00002000

Symbol: GPIO_PORTP
   Definitions
      At line 79 in file gpio.s
   Uses
      At line 144 in file gpio.s
      At line 154 in file gpio.s

GPIO_PORTP_AFSEL_R 40065420

Symbol: GPIO_PORTP_AFSEL_R
   Definitions
      At line 72 in file gpio.s
   Uses
      At line 217 in file gpio.s
Comment: GPIO_PORTP_AFSEL_R used once
GPIO_PORTP_AMSEL_R 40065528

Symbol: GPIO_PORTP_AMSEL_R
   Definitions
      At line 77 in file gpio.s
   Uses
      At line 168 in file gpio.s
Comment: GPIO_PORTP_AMSEL_R used once
GPIO_PORTP_CR_R 40065524

Symbol: GPIO_PORTP_CR_R
   Definitions
      At line 76 in file gpio.s
   Uses
      None
Comment: GPIO_PORTP_CR_R unused
GPIO_PORTP_DATA_R 400653FC

Symbol: GPIO_PORTP_DATA_R
   Definitions
      At line 70 in file gpio.s
   Uses
      At line 289 in file gpio.s
      At line 299 in file gpio.s

GPIO_PORTP_DEN_R 4006551C

Symbol: GPIO_PORTP_DEN_R
   Definitions
      At line 74 in file gpio.s
   Uses
      At line 237 in file gpio.s
Comment: GPIO_PORTP_DEN_R used once



ARM Macro Assembler    Page 9 Alphabetic symbol ordering
Absolute symbols

GPIO_PORTP_DIR_R 40065400

Symbol: GPIO_PORTP_DIR_R
   Definitions
      At line 71 in file gpio.s
   Uses
      At line 198 in file gpio.s
Comment: GPIO_PORTP_DIR_R used once
GPIO_PORTP_LOCK_R 40065520

Symbol: GPIO_PORTP_LOCK_R
   Definitions
      At line 75 in file gpio.s
   Uses
      None
Comment: GPIO_PORTP_LOCK_R unused
GPIO_PORTP_PCTL_R 4006552C

Symbol: GPIO_PORTP_PCTL_R
   Definitions
      At line 78 in file gpio.s
   Uses
      At line 183 in file gpio.s
Comment: GPIO_PORTP_PCTL_R used once
GPIO_PORTP_PUR_R 40065510

Symbol: GPIO_PORTP_PUR_R
   Definitions
      At line 73 in file gpio.s
   Uses
      None
Comment: GPIO_PORTP_PUR_R unused
GPIO_PORTQ 00004000

Symbol: GPIO_PORTQ
   Definitions
      At line 91 in file gpio.s
   Uses
      At line 145 in file gpio.s
      At line 155 in file gpio.s

GPIO_PORTQ_AFSEL_R 40066420

Symbol: GPIO_PORTQ_AFSEL_R
   Definitions
      At line 84 in file gpio.s
   Uses
      At line 219 in file gpio.s
Comment: GPIO_PORTQ_AFSEL_R used once
GPIO_PORTQ_AMSEL_R 40066528

Symbol: GPIO_PORTQ_AMSEL_R
   Definitions
      At line 89 in file gpio.s
   Uses
      At line 171 in file gpio.s
Comment: GPIO_PORTQ_AMSEL_R used once
GPIO_PORTQ_CR_R 40066524




ARM Macro Assembler    Page 10 Alphabetic symbol ordering
Absolute symbols

Symbol: GPIO_PORTQ_CR_R
   Definitions
      At line 88 in file gpio.s
   Uses
      None
Comment: GPIO_PORTQ_CR_R unused
GPIO_PORTQ_DATA_R 400663FC

Symbol: GPIO_PORTQ_DATA_R
   Definitions
      At line 82 in file gpio.s
   Uses
      At line 277 in file gpio.s
Comment: GPIO_PORTQ_DATA_R used once
GPIO_PORTQ_DEN_R 4006651C

Symbol: GPIO_PORTQ_DEN_R
   Definitions
      At line 86 in file gpio.s
   Uses
      At line 243 in file gpio.s
Comment: GPIO_PORTQ_DEN_R used once
GPIO_PORTQ_DIR_R 40066400

Symbol: GPIO_PORTQ_DIR_R
   Definitions
      At line 83 in file gpio.s
   Uses
      At line 202 in file gpio.s
Comment: GPIO_PORTQ_DIR_R used once
GPIO_PORTQ_LOCK_R 40066520

Symbol: GPIO_PORTQ_LOCK_R
   Definitions
      At line 87 in file gpio.s
   Uses
      None
Comment: GPIO_PORTQ_LOCK_R unused
GPIO_PORTQ_PCTL_R 4006652C

Symbol: GPIO_PORTQ_PCTL_R
   Definitions
      At line 90 in file gpio.s
   Uses
      At line 185 in file gpio.s
Comment: GPIO_PORTQ_PCTL_R used once
GPIO_PORTQ_PUR_R 40066510

Symbol: GPIO_PORTQ_PUR_R
   Definitions
      At line 85 in file gpio.s
   Uses
      None
Comment: GPIO_PORTQ_PUR_R unused
PASSO0 00000080

Symbol: PASSO0
   Definitions
      At line 104 in file gpio.s



ARM Macro Assembler    Page 11 Alphabetic symbol ordering
Absolute symbols

   Uses
      At line 351 in file gpio.s
Comment: PASSO0 used once
PASSO1 00000040

Symbol: PASSO1
   Definitions
      At line 105 in file gpio.s
   Uses
      At line 356 in file gpio.s
Comment: PASSO1 used once
PASSO2 00000020

Symbol: PASSO2
   Definitions
      At line 106 in file gpio.s
   Uses
      At line 361 in file gpio.s
Comment: PASSO2 used once
PASSO3 00000010

Symbol: PASSO3
   Definitions
      At line 107 in file gpio.s
   Uses
      At line 366 in file gpio.s
Comment: PASSO3 used once
PASSO4 00000008

Symbol: PASSO4
   Definitions
      At line 108 in file gpio.s
   Uses
      At line 371 in file gpio.s
Comment: PASSO4 used once
PASSO5 00000004

Symbol: PASSO5
   Definitions
      At line 109 in file gpio.s
   Uses
      At line 376 in file gpio.s
Comment: PASSO5 used once
PASSO6 00000002

Symbol: PASSO6
   Definitions
      At line 110 in file gpio.s
   Uses
      At line 381 in file gpio.s
Comment: PASSO6 used once
PASSO7 00000001

Symbol: PASSO7
   Definitions
      At line 111 in file gpio.s
   Uses
      At line 384 in file gpio.s
Comment: PASSO7 used once



ARM Macro Assembler    Page 12 Alphabetic symbol ordering
Absolute symbols

SYSCTL_PRGPIO_R 400FEA08

Symbol: SYSCTL_PRGPIO_R
   Definitions
      At line 17 in file gpio.s
   Uses
      At line 149 in file gpio.s
Comment: SYSCTL_PRGPIO_R used once
SYSCTL_RCGCGPIO_R 400FE608

Symbol: SYSCTL_RCGCGPIO_R
   Definitions
      At line 16 in file gpio.s
   Uses
      At line 141 in file gpio.s
Comment: SYSCTL_RCGCGPIO_R used once
82 symbols
447 symbols in table
